usage: pytest [-h] --date DATE --brokers BROKERS --topic-request TOPIC_REQUEST
              --topic-response TOPIC_RESPONSE --clicks-table CLICKS_TABLE
              --clustering-table CLUSTERING_TABLE --clustering-algorithm
              CLUSTERING_ALGORITHM --output-table OUTPUT_TABLE --output-path
              OUTPUT_PATH --feature-set FEATURE_SET
              [--samples-per-wiki SAMPLES_PER_WIKI]
              [--random-seed RANDOM_SEED] [--wikis WIKIS [WIKIS ...]]

optional arguments:
  -h, --help            show this help message and exit
  --date DATE
  --brokers BROKERS
  --topic-request TOPIC_REQUEST
  --topic-response TOPIC_RESPONSE
  --clicks-table CLICKS_TABLE
  --clustering-table CLUSTERING_TABLE
  --clustering-algorithm CLUSTERING_ALGORITHM
  --output-table OUTPUT_TABLE
  --output-path OUTPUT_PATH
  --feature-set FEATURE_SET
  --samples-per-wiki SAMPLES_PER_WIKI
  --random-seed RANDOM_SEED
  --wikis WIKIS [WIKIS ...]
